// Jest Snapshot v1, https://goo.gl/fbAQLP

exports[`Button component should match snapshot 1`] = `
<div>
  <div
    class="sc-bczRLJ cPdinj"
  >
    <div
      class="sc-gsnTZi chClxD"
    >
      <label
        for="bruto"
      >
        Bruto
      </label>
      <input
        id="bruto"
        name="test-radios"
        type="radio"
        value="bruto"
      />
    </div>
    <div
      class="sc-gsnTZi dGGfgi"
    >
      <label
        for="liquido"
      >
        <svg
          fill="currentColor"
          height="1em"
          stroke="currentColor"
          stroke-width="0"
          viewBox="0 0 16 16"
          width="1em"
          xmlns="http://www.w3.org/2000/svg"
        >
          <path
            d="M13.854 3.646a.5.5 0 0 1 0 .708l-7 7a.5.5 0 0 1-.708 0l-3.5-3.5a.5.5 0 1 1 .708-.708L6.5 10.293l6.646-6.647a.5.5 0 0 1 .708 0z"
          />
        </svg>
        Liquido
      </label>
      <input
        checked=""
        id="liquido"
        name="test-radios"
        type="radio"
        value="liquido"
      />
    </div>
  </div>
</div>
`;
